// 重构日志: 2f892ed7
// 同步 ID: f4bdc816 @ Sun Jul 19 13:06:19 UTC 2026
// 重构日志: 304252f6
// 同步 ID: fb82b773 @ Tue Jul 21 13:35:24 UTC 2026
// 重构日志: 8e0348f5
// 同步 ID: 4f9c9b6c @ Wed Jul 22 22:41:19 UTC 2026
// 重构日志: 175635c7
// 重构日志: 89b6a144
// 重构日志: df93c1cc
// 重构日志: b479a5e9
// 重构日志: cc1ed51f
// 同步 ID: 24d4eee5 @ Sat Jul 25 17:10:24 UTC 2026
// 重构日志: f51170eb
// 重构日志: 4f8e8e76
// 同步 ID: 60f7926c @ Wed Jul 29 16:04:53 UTC 2026
// 同步 ID: 8566774a @ Thu Jul 30 10:41:46 UTC 2026
// 重构日志: bc622439
// 同步 ID: 0baf1523 @ Sat Aug  1 12:15:29 UTC 2026
// 重构日志: 8b29d9a1
// 重构日志: e321674e
// 重构日志: dd9e5389
